// Jest Snapshot v1, https://goo.gl/fbAQLP

exports[`Calculator.Parser should parse correctly 1`] = `
MinusOperation {
  "left": PlusOperation {
    "left": Num {
      "token": Token {
        "type": "INTEGER",
        "value": 14,
      },
      "value": 14,
    },
    "right": MultiplyOperation {
      "left": Num {
        "token": Token {
          "type": "INTEGER",
          "value": 2,
        },
        "value": 2,
      },
      "right": Num {
        "token": Token {
          "type": "INTEGER",
          "value": 3,
        },
        "value": 3,
      },
    },
  },
  "right": DivisionOperation {
    "left": Num {
      "token": Token {
        "type": "INTEGER",
        "value": 6,
      },
      "value": 6,
    },
    "right": Num {
      "token": Token {
        "type": "INTEGER",
        "value": 2,
      },
      "value": 2,
    },
  },
}
`;
